<!doctype html public "-//w3c//dtd html 4.0 transitional//en">
<html><head>
<title>Static Call Graph - [..\OBJ\Template.axf]</title></head>
<body><HR>
<H1>Static Call Graph for image ..\OBJ\Template.axf</H1><HR>
<BR><P>#&#060CALLGRAPH&#062# ARM Linker, 5060960: Last Updated: Thu Feb 29 11:54:05 2024
<BR><P>
<H3>Maximum Stack Usage =        112 bytes + Unknown(Functions without stacksize, Cycles, Untraceable Function Pointers)</H3><H3>
Call chain for Maximum Stack Depth:</H3>
OS_CPU_SysTickHandler &rArr; OSTimeTick &rArr; OSTimeTickHook &rArr; OSTmrSignal &rArr; OSSemPost &rArr; OS_EventTaskRdy &rArr; OS_EventTaskRemoveMulti
<P>
<H3>
Functions with no stack information
</H3><UL>
 <LI><a href="#[5b]">__user_initial_stackheap</a>
 <LI><a href="#[78]">OS_CPU_FP_Reg_Push</a>
 <LI><a href="#[79]">OS_CPU_FP_Reg_Pop</a>
 <LI><a href="#[71]">OS_CPU_SR_Save</a>
 <LI><a href="#[74]">OS_CPU_SR_Restore</a>
 <LI><a href="#[58]">OSStartHighRdy</a>
 <LI><a href="#[80]">OSCtxSw</a>
 <LI><a href="#[73]">OSIntCtxSw</a>
 <LI><a href="#[a]">OS_CPU_PendSVHandler</a>
</UL>
</UL>
<P>
<H3>
Mutually Recursive functions
</H3> <LI><a href="#[1e]">ADC_IRQHandler</a>&nbsp;&nbsp;&nbsp;&rArr;&nbsp;&nbsp;&nbsp;<a href="#[1e]">ADC_IRQHandler</a><BR>
</UL>
<P>
<H3>
Function Pointers
</H3><UL>
 <LI><a href="#[1e]">ADC_IRQHandler</a> from startup_stm32f401xx.o(.text) referenced from startup_stm32f401xx.o(RESET)
 <LI><a href="#[6]">BusFault_Handler</a> from stm32f4xx_it.o(i.BusFault_Handler) referenced from startup_stm32f401xx.o(RESET)
 <LI><a href="#[17]">DMA1_Stream0_IRQHandler</a> from startup_stm32f401xx.o(.text) referenced from startup_stm32f401xx.o(RESET)
 <LI><a href="#[18]">DMA1_Stream1_IRQHandler</a> from startup_stm32f401xx.o(.text) referenced from startup_stm32f401xx.o(RESET)
 <LI><a href="#[19]">DMA1_Stream2_IRQHandler</a> from startup_stm32f401xx.o(.text) referenced from startup_stm32f401xx.o(RESET)
 <LI><a href="#[1a]">DMA1_Stream3_IRQHandler</a> from startup_stm32f401xx.o(.text) referenced from startup_stm32f401xx.o(RESET)
 <LI><a href="#[1b]">DMA1_Stream4_IRQHandler</a> from startup_stm32f401xx.o(.text) referenced from startup_stm32f401xx.o(RESET)
 <LI><a href="#[1c]">DMA1_Stream5_IRQHandler</a> from startup_stm32f401xx.o(.text) referenced from startup_stm32f401xx.o(RESET)
 <LI><a href="#[1d]">DMA1_Stream6_IRQHandler</a> from startup_stm32f401xx.o(.text) referenced from startup_stm32f401xx.o(RESET)
 <LI><a href="#[32]">DMA1_Stream7_IRQHandler</a> from startup_stm32f401xx.o(.text) referenced from startup_stm32f401xx.o(RESET)
 <LI><a href="#[36]">DMA2_Stream0_IRQHandler</a> from startup_stm32f401xx.o(.text) referenced from startup_stm32f401xx.o(RESET)
 <LI><a href="#[37]">DMA2_Stream1_IRQHandler</a> from startup_stm32f401xx.o(.text) referenced from startup_stm32f401xx.o(RESET)
 <LI><a href="#[38]">DMA2_Stream2_IRQHandler</a> from startup_stm32f401xx.o(.text) referenced from startup_stm32f401xx.o(RESET)
 <LI><a href="#[39]">DMA2_Stream3_IRQHandler</a> from startup_stm32f401xx.o(.text) referenced from startup_stm32f401xx.o(RESET)
 <LI><a href="#[3a]">DMA2_Stream4_IRQHandler</a> from startup_stm32f401xx.o(.text) referenced from startup_stm32f401xx.o(RESET)
 <LI><a href="#[3c]">DMA2_Stream5_IRQHandler</a> from startup_stm32f401xx.o(.text) referenced from startup_stm32f401xx.o(RESET)
 <LI><a href="#[3d]">DMA2_Stream6_IRQHandler</a> from startup_stm32f401xx.o(.text) referenced from startup_stm32f401xx.o(RESET)
 <LI><a href="#[3e]">DMA2_Stream7_IRQHandler</a> from startup_stm32f401xx.o(.text) referenced from startup_stm32f401xx.o(RESET)
 <LI><a href="#[9]">DebugMon_Handler</a> from stm32f4xx_it.o(i.DebugMon_Handler) referenced from startup_stm32f401xx.o(RESET)
 <LI><a href="#[12]">EXTI0_IRQHandler</a> from startup_stm32f401xx.o(.text) referenced from startup_stm32f401xx.o(RESET)
 <LI><a href="#[2f]">EXTI15_10_IRQHandler</a> from startup_stm32f401xx.o(.text) referenced from startup_stm32f401xx.o(RESET)
 <LI><a href="#[13]">EXTI1_IRQHandler</a> from startup_stm32f401xx.o(.text) referenced from startup_stm32f401xx.o(RESET)
 <LI><a href="#[14]">EXTI2_IRQHandler</a> from startup_stm32f401xx.o(.text) referenced from startup_stm32f401xx.o(RESET)
 <LI><a href="#[15]">EXTI3_IRQHandler</a> from startup_stm32f401xx.o(.text) referenced from startup_stm32f401xx.o(RESET)
 <LI><a href="#[16]">EXTI4_IRQHandler</a> from startup_stm32f401xx.o(.text) referenced from startup_stm32f401xx.o(RESET)
 <LI><a href="#[1f]">EXTI9_5_IRQHandler</a> from startup_stm32f401xx.o(.text) referenced from startup_stm32f401xx.o(RESET)
 <LI><a href="#[10]">FLASH_IRQHandler</a> from startup_stm32f401xx.o(.text) referenced from startup_stm32f401xx.o(RESET)
 <LI><a href="#[42]">FPU_IRQHandler</a> from startup_stm32f401xx.o(.text) referenced from startup_stm32f401xx.o(RESET)
 <LI><a href="#[4]">HardFault_Handler</a> from stm32f4xx_it.o(i.HardFault_Handler) referenced from startup_stm32f401xx.o(RESET)
 <LI><a href="#[28]">I2C1_ER_IRQHandler</a> from startup_stm32f401xx.o(.text) referenced from startup_stm32f401xx.o(RESET)
 <LI><a href="#[27]">I2C1_EV_IRQHandler</a> from startup_stm32f401xx.o(.text) referenced from startup_stm32f401xx.o(RESET)
 <LI><a href="#[2a]">I2C2_ER_IRQHandler</a> from startup_stm32f401xx.o(.text) referenced from startup_stm32f401xx.o(RESET)
 <LI><a href="#[29]">I2C2_EV_IRQHandler</a> from startup_stm32f401xx.o(.text) referenced from startup_stm32f401xx.o(RESET)
 <LI><a href="#[41]">I2C3_ER_IRQHandler</a> from startup_stm32f401xx.o(.text) referenced from startup_stm32f401xx.o(RESET)
 <LI><a href="#[40]">I2C3_EV_IRQHandler</a> from startup_stm32f401xx.o(.text) referenced from startup_stm32f401xx.o(RESET)
 <LI><a href="#[5]">MemManage_Handler</a> from stm32f4xx_it.o(i.MemManage_Handler) referenced from startup_stm32f401xx.o(RESET)
 <LI><a href="#[3]">NMI_Handler</a> from stm32f4xx_it.o(i.NMI_Handler) referenced from startup_stm32f401xx.o(RESET)
 <LI><a href="#[a]">OS_CPU_PendSVHandler</a> from os_cpu_a.o(.text) referenced from startup_stm32f401xx.o(RESET)
 <LI><a href="#[b]">OS_CPU_SysTickHandler</a> from os_cpu_c.o(i.OS_CPU_SysTickHandler) referenced from startup_stm32f401xx.o(RESET)
 <LI><a href="#[3b]">OTG_FS_IRQHandler</a> from startup_stm32f401xx.o(.text) referenced from startup_stm32f401xx.o(RESET)
 <LI><a href="#[31]">OTG_FS_WKUP_IRQHandler</a> from startup_stm32f401xx.o(.text) referenced from startup_stm32f401xx.o(RESET)
 <LI><a href="#[d]">PVD_IRQHandler</a> from startup_stm32f401xx.o(.text) referenced from startup_stm32f401xx.o(RESET)
 <LI><a href="#[11]">RCC_IRQHandler</a> from startup_stm32f401xx.o(.text) referenced from startup_stm32f401xx.o(RESET)
 <LI><a href="#[30]">RTC_Alarm_IRQHandler</a> from startup_stm32f401xx.o(.text) referenced from startup_stm32f401xx.o(RESET)
 <LI><a href="#[f]">RTC_WKUP_IRQHandler</a> from startup_stm32f401xx.o(.text) referenced from startup_stm32f401xx.o(RESET)
 <LI><a href="#[2]">Reset_Handler</a> from startup_stm32f401xx.o(.text) referenced from startup_stm32f401xx.o(RESET)
 <LI><a href="#[33]">SDIO_IRQHandler</a> from startup_stm32f401xx.o(.text) referenced from startup_stm32f401xx.o(RESET)
 <LI><a href="#[2b]">SPI1_IRQHandler</a> from startup_stm32f401xx.o(.text) referenced from startup_stm32f401xx.o(RESET)
 <LI><a href="#[2c]">SPI2_IRQHandler</a> from startup_stm32f401xx.o(.text) referenced from startup_stm32f401xx.o(RESET)
 <LI><a href="#[35]">SPI3_IRQHandler</a> from startup_stm32f401xx.o(.text) referenced from startup_stm32f401xx.o(RESET)
 <LI><a href="#[43]">SPI4_IRQHandler</a> from startup_stm32f401xx.o(.text) referenced from startup_stm32f401xx.o(RESET)
 <LI><a href="#[8]">SVC_Handler</a> from stm32f4xx_it.o(i.SVC_Handler) referenced from startup_stm32f401xx.o(RESET)
 <LI><a href="#[44]">SystemInit</a> from system_stm32f4xx.o(i.SystemInit) referenced from startup_stm32f401xx.o(.text)
 <LI><a href="#[e]">TAMP_STAMP_IRQHandler</a> from startup_stm32f401xx.o(.text) referenced from startup_stm32f401xx.o(RESET)
 <LI><a href="#[20]">TIM1_BRK_TIM9_IRQHandler</a> from startup_stm32f401xx.o(.text) referenced from startup_stm32f401xx.o(RESET)
 <LI><a href="#[23]">TIM1_CC_IRQHandler</a> from receiver.o(i.TIM1_CC_IRQHandler) referenced from startup_stm32f401xx.o(RESET)
 <LI><a href="#[22]">TIM1_TRG_COM_TIM11_IRQHandler</a> from startup_stm32f401xx.o(.text) referenced from startup_stm32f401xx.o(RESET)
 <LI><a href="#[21]">TIM1_UP_TIM10_IRQHandler</a> from startup_stm32f401xx.o(.text) referenced from startup_stm32f401xx.o(RESET)
 <LI><a href="#[24]">TIM2_IRQHandler</a> from startup_stm32f401xx.o(.text) referenced from startup_stm32f401xx.o(RESET)
 <LI><a href="#[25]">TIM3_IRQHandler</a> from startup_stm32f401xx.o(.text) referenced from startup_stm32f401xx.o(RESET)
 <LI><a href="#[26]">TIM4_IRQHandler</a> from startup_stm32f401xx.o(.text) referenced from startup_stm32f401xx.o(RESET)
 <LI><a href="#[34]">TIM5_IRQHandler</a> from startup_stm32f401xx.o(.text) referenced from startup_stm32f401xx.o(RESET)
 <LI><a href="#[2d]">USART1_IRQHandler</a> from serial.o(i.USART1_IRQHandler) referenced from startup_stm32f401xx.o(RESET)
 <LI><a href="#[2e]">USART2_IRQHandler</a> from startup_stm32f401xx.o(.text) referenced from startup_stm32f401xx.o(RESET)
 <LI><a href="#[3f]">USART6_IRQHandler</a> from startup_stm32f401xx.o(.text) referenced from startup_stm32f401xx.o(RESET)
 <LI><a href="#[7]">UsageFault_Handler</a> from stm32f4xx_it.o(i.UsageFault_Handler) referenced from startup_stm32f401xx.o(RESET)
 <LI><a href="#[c]">WWDG_IRQHandler</a> from startup_stm32f401xx.o(.text) referenced from startup_stm32f401xx.o(RESET)
 <LI><a href="#[46]">__main</a> from __main.o(!!!main) referenced from startup_stm32f401xx.o(.text)
</UL>
<P>
<H3>
Global Symbols
</H3>
<P><STRONG><a name="[46]"></a>__main</STRONG> (Thumb, 8 bytes, Stack size 0 bytes, __main.o(!!!main))
<BR><BR>[Calls]<UL><LI><a href="#[47]">&gt;&gt;</a>&nbsp;&nbsp;&nbsp;__scatterload
<LI><a href="#[48]">&gt;&gt;</a>&nbsp;&nbsp;&nbsp;__rt_entry
</UL>

<P><STRONG><a name="[47]"></a>__scatterload</STRONG> (Thumb, 0 bytes, Stack size unknown bytes, __scatter.o(!!!scatter))
<BR><BR>[Called By]<UL><LI><a href="#[46]">&gt;&gt;</a>&nbsp;&nbsp;&nbsp;__main
</UL>

<P><STRONG><a name="[49]"></a>__scatterload_rt2</STRONG> (Thumb, 44 bytes, Stack size unknown bytes, __scatter.o(!!!scatter), UNUSED)
<BR><BR>[Calls]<UL><LI><a href="#[48]">&gt;&gt;</a>&nbsp;&nbsp;&nbsp;__rt_entry
</UL>

<P><STRONG><a name="[8b]"></a>__scatterload_rt2_thumb_only</STRONG> (Thumb, 0 bytes, Stack size unknown bytes, __scatter.o(!!!scatter), UNUSED)

<P><STRONG><a name="[8c]"></a>__scatterload_null</STRONG> (Thumb, 0 bytes, Stack size unknown bytes, __scatter.o(!!!scatter), UNUSED)

<P><STRONG><a name="[4a]"></a>__scatterload_copy</STRONG> (Thumb, 26 bytes, Stack size unknown bytes, __scatter_copy.o(!!handler_copy), UNUSED)
<BR><BR>[Calls]<UL><LI><a href="#[4a]">&gt;&gt;</a>&nbsp;&nbsp;&nbsp;__scatterload_copy
</UL>
<BR>[Called By]<UL><LI><a href="#[4a]">&gt;&gt;</a>&nbsp;&nbsp;&nbsp;__scatterload_copy
</UL>

<P><STRONG><a name="[8d]"></a>__scatterload_zeroinit</STRONG> (Thumb, 28 bytes, Stack size unknown bytes, __scatter_zi.o(!!handler_zi), UNUSED)

<P><STRONG><a name="[50]"></a>__rt_lib_init</STRONG> (Thumb, 0 bytes, Stack size unknown bytes, libinit.o(.ARM.Collect$$libinit$$00000000))
<BR><BR>[Called By]<UL><LI><a href="#[4f]">&gt;&gt;</a>&nbsp;&nbsp;&nbsp;__rt_entry_li
</UL>

<P><STRONG><a name="[4b]"></a>__rt_lib_init_fp_1</STRONG> (Thumb, 0 bytes, Stack size unknown bytes, libinit2.o(.ARM.Collect$$libinit$$00000001))
<BR><BR>[Calls]<UL><LI><a href="#[4c]">&gt;&gt;</a>&nbsp;&nbsp;&nbsp;_fp_init
</UL>

<P><STRONG><a name="[8e]"></a>__rt_lib_init_alloca_1</STRONG> (Thumb, 0 bytes, Stack size unknown bytes, libinit2.o(.ARM.Collect$$libinit$$0000002E))

<P><STRONG><a name="[8f]"></a>__rt_lib_init_argv_1</STRONG> (Thumb, 0 bytes, Stack size unknown bytes, libinit2.o(.ARM.Collect$$libinit$$0000002C))

<P><STRONG><a name="[90]"></a>__rt_lib_init_atexit_1</STRONG> (Thumb, 0 bytes, Stack size unknown bytes, libinit2.o(.ARM.Collect$$libinit$$0000001B))

<P><STRONG><a name="[91]"></a>__rt_lib_init_clock_1</STRONG> (Thumb, 0 bytes, Stack size unknown bytes, libinit2.o(.ARM.Collect$$libinit$$00000021))

<P><STRONG><a name="[92]"></a>__rt_lib_init_cpp_1</STRONG> (Thumb, 0 bytes, Stack size unknown bytes, libinit2.o(.ARM.Collect$$libinit$$00000032))

<P><STRONG><a name="[93]"></a>__rt_lib_init_exceptions_1</STRONG> (Thumb, 0 bytes, Stack size unknown bytes, libinit2.o(.ARM.Collect$$libinit$$00000030))

<P><STRONG><a name="[94]"></a>__rt_lib_init_fp_trap_1</STRONG> (Thumb, 0 bytes, Stack size unknown bytes, libinit2.o(.ARM.Collect$$libinit$$0000001F))

<P><STRONG><a name="[95]"></a>__rt_lib_init_getenv_1</STRONG> (Thumb, 0 bytes, Stack size unknown bytes, libinit2.o(.ARM.Collect$$libinit$$00000023))

<P><STRONG><a name="[96]"></a>__rt_lib_init_heap_1</STRONG> (Thumb, 0 bytes, Stack size unknown bytes, libinit2.o(.ARM.Collect$$libinit$$0000000A))

<P><STRONG><a name="[97]"></a>__rt_lib_init_lc_collate_1</STRONG> (Thumb, 0 bytes, Stack size unknown bytes, libinit2.o(.ARM.Collect$$libinit$$00000011))

<P><STRONG><a name="[98]"></a>__rt_lib_init_lc_ctype_1</STRONG> (Thumb, 0 bytes, Stack size unknown bytes, libinit2.o(.ARM.Collect$$libinit$$00000013))

<P><STRONG><a name="[99]"></a>__rt_lib_init_lc_monetary_1</STRONG> (Thumb, 0 bytes, Stack size unknown bytes, libinit2.o(.ARM.Collect$$libinit$$00000015))

<P><STRONG><a name="[9a]"></a>__rt_lib_init_lc_numeric_1</STRONG> (Thumb, 0 bytes, Stack size unknown bytes, libinit2.o(.ARM.Collect$$libinit$$00000017))

<P><STRONG><a name="[9b]"></a>__rt_lib_init_lc_time_1</STRONG> (Thumb, 0 bytes, Stack size unknown bytes, libinit2.o(.ARM.Collect$$libinit$$00000019))

<P><STRONG><a name="[9c]"></a>__rt_lib_init_preinit_1</STRONG> (Thumb, 0 bytes, Stack size unknown bytes, libinit2.o(.ARM.Collect$$libinit$$00000004))

<P><STRONG><a name="[9d]"></a>__rt_lib_init_rand_1</STRONG> (Thumb, 0 bytes, Stack size unknown bytes, libinit2.o(.ARM.Collect$$libinit$$0000000E))

<P><STRONG><a name="[9e]"></a>__rt_lib_init_return</STRONG> (Thumb, 0 bytes, Stack size unknown bytes, libinit2.o(.ARM.Collect$$libinit$$00000033))

<P><STRONG><a name="[9f]"></a>__rt_lib_init_signal_1</STRONG> (Thumb, 0 bytes, Stack size unknown bytes, libinit2.o(.ARM.Collect$$libinit$$0000001D))

<P><STRONG><a name="[a0]"></a>__rt_lib_init_stdio_1</STRONG> (Thumb, 0 bytes, Stack size unknown bytes, libinit2.o(.ARM.Collect$$libinit$$00000025))

<P><STRONG><a name="[a1]"></a>__rt_lib_init_user_alloc_1</STRONG> (Thumb, 0 bytes, Stack size unknown bytes, libinit2.o(.ARM.Collect$$libinit$$0000000C))

<P><STRONG><a name="[55]"></a>__rt_lib_shutdown</STRONG> (Thumb, 0 bytes, Stack size unknown bytes, libshutdown.o(.ARM.Collect$$libshutdown$$00000000))
<BR><BR>[Called By]<UL><LI><a href="#[54]">&gt;&gt;</a>&nbsp;&nbsp;&nbsp;__rt_exit_ls
</UL>

<P><STRONG><a name="[a2]"></a>__rt_lib_shutdown_cpp_1</STRONG> (Thumb, 0 bytes, Stack size unknown bytes, libshutdown2.o(.ARM.Collect$$libshutdown$$00000004))

<P><STRONG><a name="[a3]"></a>__rt_lib_shutdown_fini_1</STRONG> (Thumb, 0 bytes, Stack size unknown bytes, libshutdown2.o(.ARM.Collect$$libshutdown$$00000002))

<P><STRONG><a name="[a4]"></a>__rt_lib_shutdown_fp_trap_1</STRONG> (Thumb, 0 bytes, Stack size unknown bytes, libshutdown2.o(.ARM.Collect$$libshutdown$$00000009))

<P><STRONG><a name="[a5]"></a>__rt_lib_shutdown_heap_1</STRONG> (Thumb, 0 bytes, Stack size unknown bytes, libshutdown2.o(.ARM.Collect$$libshutdown$$00000011))

<P><STRONG><a name="[a6]"></a>__rt_lib_shutdown_return</STRONG> (Thumb, 0 bytes, Stack size unknown bytes, libshutdown2.o(.ARM.Collect$$libshutdown$$00000012))

<P><STRONG><a name="[a7]"></a>__rt_lib_shutdown_signal_1</STRONG> (Thumb, 0 bytes, Stack size unknown bytes, libshutdown2.o(.ARM.Collect$$libshutdown$$0000000C))

<P><STRONG><a name="[a8]"></a>__rt_lib_shutdown_stdio_1</STRONG> (Thumb, 0 bytes, Stack size unknown bytes, libshutdown2.o(.ARM.Collect$$libshutdown$$00000006))

<P><STRONG><a name="[a9]"></a>__rt_lib_shutdown_user_alloc_1</STRONG> (Thumb, 0 bytes, Stack size unknown bytes, libshutdown2.o(.ARM.Collect$$libshutdown$$0000000E))

<P><STRONG><a name="[48]"></a>__rt_entry</STRONG> (Thumb, 0 bytes, Stack size unknown bytes, __rtentry.o(.ARM.Collect$$rtentry$$00000000))
<BR><BR>[Called By]<UL><LI><a href="#[49]">&gt;&gt;</a>&nbsp;&nbsp;&nbsp;__scatterload_rt2
<LI><a href="#[46]">&gt;&gt;</a>&nbsp;&nbsp;&nbsp;__main
</UL>

<P><STRONG><a name="[aa]"></a>__rt_entry_presh_1</STRONG> (Thumb, 0 bytes, Stack size unknown bytes, __rtentry2.o(.ARM.Collect$$rtentry$$00000002))

<P><STRONG><a name="[4d]"></a>__rt_entry_sh</STRONG> (Thumb, 0 bytes, Stack size unknown bytes, __rtentry4.o(.ARM.Collect$$rtentry$$00000004))
<BR><BR>[Stack]<UL><LI>Max Depth = 8 + Unknown Stack Size
<LI>Call Chain = __rt_entry_sh &rArr; __user_setup_stackheap
</UL>
<BR>[Calls]<UL><LI><a href="#[4e]">&gt;&gt;</a>&nbsp;&nbsp;&nbsp;__user_setup_stackheap
</UL>

<P><STRONG><a name="[4f]"></a>__rt_entry_li</STRONG> (Thumb, 0 bytes, Stack size unknown bytes, __rtentry2.o(.ARM.Collect$$rtentry$$0000000A))
<BR><BR>[Calls]<UL><LI><a href="#[50]">&gt;&gt;</a>&nbsp;&nbsp;&nbsp;__rt_lib_init
</UL>

<P><STRONG><a name="[ab]"></a>__rt_entry_postsh_1</STRONG> (Thumb, 0 bytes, Stack size unknown bytes, __rtentry2.o(.ARM.Collect$$rtentry$$00000009))

<P><STRONG><a name="[51]"></a>__rt_entry_main</STRONG> (Thumb, 0 bytes, Stack size unknown bytes, __rtentry2.o(.ARM.Collect$$rtentry$$0000000D))
<BR><BR>[Stack]<UL><LI>Max Depth = 48 + Unknown Stack Size
<LI>Call Chain = __rt_entry_main &rArr; main &rArr; MPU6050_Init &rArr; MPU6050_WriteReg &rArr; MyI2C_SendByte &rArr; MyI2C_W_SDA
</UL>
<BR>[Calls]<UL><LI><a href="#[52]">&gt;&gt;</a>&nbsp;&nbsp;&nbsp;main
<LI><a href="#[53]">&gt;&gt;</a>&nbsp;&nbsp;&nbsp;exit
</UL>

<P><STRONG><a name="[ac]"></a>__rt_entry_postli_1</STRONG> (Thumb, 0 bytes, Stack size unknown bytes, __rtentry2.o(.ARM.Collect$$rtentry$$0000000C))

<P><STRONG><a name="[5c]"></a>__rt_exit</STRONG> (Thumb, 0 bytes, Stack size unknown bytes, rtexit.o(.ARM.Collect$$rtexit$$00000000))
<BR><BR>[Called By]<UL><LI><a href="#[53]">&gt;&gt;</a>&nbsp;&nbsp;&nbsp;exit
</UL>

<P><STRONG><a name="[54]"></a>__rt_exit_ls</STRONG> (Thumb, 0 bytes, Stack size unknown bytes, rtexit2.o(.ARM.Collect$$rtexit$$00000003))
<BR><BR>[Calls]<UL><LI><a href="#[55]">&gt;&gt;</a>&nbsp;&nbsp;&nbsp;__rt_lib_shutdown
</UL>

<P><STRONG><a name="[ad]"></a>__rt_exit_prels_1</STRONG> (Thumb, 0 bytes, Stack size unknown bytes, rtexit2.o(.ARM.Collect$$rtexit$$00000002))

<P><STRONG><a name="[56]"></a>__rt_exit_exit</STRONG> (Thumb, 0 bytes, Stack size unknown bytes, rtexit2.o(.ARM.Collect$$rtexit$$00000004))
<BR><BR>[Calls]<UL><LI><a href="#[57]">&gt;&gt;</a>&nbsp;&nbsp;&nbsp;_sys_exit
</UL>

<P><STRONG><a name="[2]"></a>Reset_Handler</STRONG> (Thumb, 8 bytes, Stack size 0 bytes, startup_stm32f401xx.o(.text))
<BR>[Address Reference Count : 1]<UL><LI> startup_stm32f401xx.o(RESET)
</UL>
<P><STRONG><a name="[1e]"></a>ADC_IRQHandler</STRONG> (Thumb, 0 bytes, Stack size 0 bytes, startup_stm32f401xx.o(.text))
<BR><BR>[Calls]<UL><LI><a href="#[1e]">&gt;&gt;</a>&nbsp;&nbsp;&nbsp;ADC_IRQHandler
</UL>
<BR>[Called By]<UL><LI><a href="#[1e]">&gt;&gt;</a>&nbsp;&nbsp;&nbsp;ADC_IRQHandler
</UL>
<BR>[Address Reference Count : 1]<UL><LI> startup_stm32f401xx.o(RESET)
</UL>
<P><STRONG><a name="[17]"></a>DMA1_Stream0_IRQHandler</STRONG> (Thumb, 0 bytes, Stack size 0 bytes, startup_stm32f401xx.o(.text))
<BR>[Address Reference Count : 1]<UL><LI> startup_stm32f401xx.o(RESET)
</UL>
<P><STRONG><a name="[18]"></a>DMA1_Stream1_IRQHandler</STRONG> (Thumb, 0 bytes, Stack size 0 bytes, startup_stm32f401xx.o(.text))
<BR>[Address Reference Count : 1]<UL><LI> startup_stm32f401xx.o(RESET)
</UL>
<P><STRONG><a name="[19]"></a>DMA1_Stream2_IRQHandler</STRONG> (Thumb, 0 bytes, Stack size 0 bytes, startup_stm32f401xx.o(.text))
<BR>[Address Reference Count : 1]<UL><LI> startup_stm32f401xx.o(RESET)
</UL>
<P><STRONG><a name="[1a]"></a>DMA1_Stream3_IRQHandler</STRONG> (Thumb, 0 bytes, Stack size 0 bytes, startup_stm32f401xx.o(.text))
<BR>[Address Reference Count : 1]<UL><LI> startup_stm32f401xx.o(RESET)
</UL>
<P><STRONG><a name="[1b]"></a>DMA1_Stream4_IRQHandler</STRONG> (Thumb, 0 bytes, Stack size 0 bytes, startup_stm32f401xx.o(.text))
<BR>[Address Reference Count : 1]<UL><LI> startup_stm32f401xx.o(RESET)
</UL>
<P><STRONG><a name="[1c]"></a>DMA1_Stream5_IRQHandler</STRONG> (Thumb, 0 bytes, Stack size 0 bytes, startup_stm32f401xx.o(.text))
<BR>[Address Reference Count : 1]<UL><LI> startup_stm32f401xx.o(RESET)
</UL>
<P><STRONG><a name="[1d]"></a>DMA1_Stream6_IRQHandler</STRONG> (Thumb, 0 bytes, Stack size 0 bytes, startup_stm32f401xx.o(.text))
<BR>[Address Reference Count : 1]<UL><LI> startup_stm32f401xx.o(RESET)
</UL>
<P><STRONG><a name="[32]"></a>DMA1_Stream7_IRQHandler</STRONG> (Thumb, 0 bytes, Stack size 0 bytes, startup_stm32f401xx.o(.text))
<BR>[Address Reference Count : 1]<UL><LI> startup_stm32f401xx.o(RESET)
</UL>
<P><STRONG><a name="[36]"></a>DMA2_Stream0_IRQHandler</STRONG> (Thumb, 0 bytes, Stack size 0 bytes, startup_stm32f401xx.o(.text))
<BR>[Address Reference Count : 1]<UL><LI> startup_stm32f401xx.o(RESET)
</UL>
<P><STRONG><a name="[37]"></a>DMA2_Stream1_IRQHandler</STRONG> (Thumb, 0 bytes, Stack size 0 bytes, startup_stm32f401xx.o(.text))
<BR>[Address Reference Count : 1]<UL><LI> startup_stm32f401xx.o(RESET)
</UL>
<P><STRONG><a name="[38]"></a>DMA2_Stream2_IRQHandler</STRONG> (Thumb, 0 bytes, Stack size 0 bytes, startup_stm32f401xx.o(.text))
<BR>[Address Reference Count : 1]<UL><LI> startup_stm32f401xx.o(RESET)
</UL>
<P><STRONG><a name="[39]"></a>DMA2_Stream3_IRQHandler</STRONG> (Thumb, 0 bytes, Stack size 0 bytes, startup_stm32f401xx.o(.text))
<BR>[Address Reference Count : 1]<UL><LI> startup_stm32f401xx.o(RESET)
</UL>
<P><STRONG><a name="[3a]"></a>DMA2_Stream4_IRQHandler</STRONG> (Thumb, 0 bytes, Stack size 0 bytes, startup_stm32f401xx.o(.text))
<BR>[Address Reference Count : 1]<UL><LI> startup_stm32f401xx.o(RESET)
</UL>
<P><STRONG><a name="[3c]"></a>DMA2_Stream5_IRQHandler</STRONG> (Thumb, 0 bytes, Stack size 0 bytes, startup_stm32f401xx.o(.text))
<BR>[Address Reference Count : 1]<UL><LI> startup_stm32f401xx.o(RESET)
</UL>
<P><STRONG><a name="[3d]"></a>DMA2_Stream6_IRQHandler</STRONG> (Thumb, 0 bytes, Stack size 0 bytes, startup_stm32f401xx.o(.text))
<BR>[Address Reference Count : 1]<UL><LI> startup_stm32f401xx.o(RESET)
</UL>
<P><STRONG><a name="[3e]"></a>DMA2_Stream7_IRQHandler</STRONG> (Thumb, 0 bytes, Stack size 0 bytes, startup_stm32f401xx.o(.text))
<BR>[Address Reference Count : 1]<UL><LI> startup_stm32f401xx.o(RESET)
</UL>
<P><STRONG><a name="[12]"></a>EXTI0_IRQHandler</STRONG> (Thumb, 0 bytes, Stack size 0 bytes, startup_stm32f401xx.o(.text))
<BR>[Address Reference Count : 1]<UL><LI> startup_stm32f401xx.o(RESET)
</UL>
<P><STRONG><a name="[2f]"></a>EXTI15_10_IRQHandler</STRONG> (Thumb, 0 bytes, Stack size 0 bytes, startup_stm32f401xx.o(.text))
<BR>[Address Reference Count : 1]<UL><LI> startup_stm32f401xx.o(RESET)
</UL>
<P><STRONG><a name="[13]"></a>EXTI1_IRQHandler</STRONG> (Thumb, 0 bytes, Stack size 0 bytes, startup_stm32f401xx.o(.text))
<BR>[Address Reference Count : 1]<UL><LI> startup_stm32f401xx.o(RESET)
</UL>
<P><STRONG><a name="[14]"></a>EXTI2_IRQHandler</STRONG> (Thumb, 0 bytes, Stack size 0 bytes, startup_stm32f401xx.o(.text))
<BR>[Address Reference Count : 1]<UL><LI> startup_stm32f401xx.o(RESET)
</UL>
<P><STRONG><a name="[15]"></a>EXTI3_IRQHandler</STRONG> (Thumb, 0 bytes, Stack size 0 bytes, startup_stm32f401xx.o(.text))
<BR>[Address Reference Count : 1]<UL><LI> startup_stm32f401xx.o(RESET)
</UL>
<P><STRONG><a name="[16]"></a>EXTI4_IRQHandler</STRONG> (Thumb, 0 bytes, Stack size 0 bytes, startup_stm32f401xx.o(.text))
<BR>[Address Reference Count : 1]<UL><LI> startup_stm32f401xx.o(RESET)
</UL>
<P><STRONG><a name="[1f]"></a>EXTI9_5_IRQHandler</STRONG> (Thumb, 0 bytes, Stack size 0 bytes, startup_stm32f401xx.o(.text))
<BR>[Address Reference Count : 1]<UL><LI> startup_stm32f401xx.o(RESET)
</UL>
<P><STRONG><a name="[10]"></a>FLASH_IRQHandler</STRONG> (Thumb, 0 bytes, Stack size 0 bytes, startup_stm32f401xx.o(.text))
<BR>[Address Reference Count : 1]<UL><LI> startup_stm32f401xx.o(RESET)
</UL>
<P><STRONG><a name="[42]"></a>FPU_IRQHandler</STRONG> (Thumb, 0 bytes, Stack size 0 bytes, startup_stm32f401xx.o(.text))
<BR>[Address Reference Count : 1]<UL><LI> startup_stm32f401xx.o(RESET)
</UL>
<P><STRONG><a name="[28]"></a>I2C1_ER_IRQHandler</STRONG> (Thumb, 0 bytes, Stack size 0 bytes, startup_stm32f401xx.o(.text))
<BR>[Address Reference Count : 1]<UL><LI> startup_stm32f401xx.o(RESET)
</UL>
<P><STRONG><a name="[27]"></a>I2C1_EV_IRQHandler</STRONG> (Thumb, 0 bytes, Stack size 0 bytes, startup_stm32f401xx.o(.text))
<BR>[Address Reference Count : 1]<UL><LI> startup_stm32f401xx.o(RESET)
</UL>
<P><STRONG><a name="[2a]"></a>I2C2_ER_IRQHandler</STRONG> (Thumb, 0 bytes, Stack size 0 bytes, startup_stm32f401xx.o(.text))
<BR>[Address Reference Count : 1]<UL><LI> startup_stm32f401xx.o(RESET)
</UL>
<P><STRONG><a name="[29]"></a>I2C2_EV_IRQHandler</STRONG> (Thumb, 0 bytes, Stack size 0 bytes, startup_stm32f401xx.o(.text))
<BR>[Address Reference Count : 1]<UL><LI> startup_stm32f401xx.o(RESET)
</UL>
<P><STRONG><a name="[41]"></a>I2C3_ER_IRQHandler</STRONG> (Thumb, 0 bytes, Stack size 0 bytes, startup_stm32f401xx.o(.text))
<BR>[Address Reference Count : 1]<UL><LI> startup_stm32f401xx.o(RESET)
</UL>
<P><STRONG><a name="[40]"></a>I2C3_EV_IRQHandler</STRONG> (Thumb, 0 bytes, Stack size 0 bytes, startup_stm32f401xx.o(.text))
<BR>[Address Reference Count : 1]<UL><LI> startup_stm32f401xx.o(RESET)
</UL>
<P><STRONG><a name="[3b]"></a>OTG_FS_IRQHandler</STRONG> (Thumb, 0 bytes, Stack size 0 bytes, startup_stm32f401xx.o(.text))
<BR>[Address Reference Count : 1]<UL><LI> startup_stm32f401xx.o(RESET)
</UL>
<P><STRONG><a name="[31]"></a>OTG_FS_WKUP_IRQHandler</STRONG> (Thumb, 0 bytes, Stack size 0 bytes, startup_stm32f401xx.o(.text))
<BR>[Address Reference Count : 1]<UL><LI> startup_stm32f401xx.o(RESET)
</UL>
<P><STRONG><a name="[d]"></a>PVD_IRQHandler</STRONG> (Thumb, 0 bytes, Stack size 0 bytes, startup_stm32f401xx.o(.text))
<BR>[Address Reference Count : 1]<UL><LI> startup_stm32f401xx.o(RESET)
</UL>
<P><STRONG><a name="[11]"></a>RCC_IRQHandler</STRONG> (Thumb, 0 bytes, Stack size 0 bytes, startup_stm32f401xx.o(.text))
<BR>[Address Reference Count : 1]<UL><LI> startup_stm32f401xx.o(RESET)
</UL>
<P><STRONG><a name="[30]"></a>RTC_Alarm_IRQHandler</STRONG> (Thumb, 0 bytes, Stack size 0 bytes, startup_stm32f401xx.o(.text))
<BR>[Address Reference Count : 1]<UL><LI> startup_stm32f401xx.o(RESET)
</UL>
<P><STRONG><a name="[f]"></a>RTC_WKUP_IRQHandler</STRONG> (Thumb, 0 bytes, Stack size 0 bytes, startup_stm32f401xx.o(.text))
<BR>[Address Reference Count : 1]<UL><LI> startup_stm32f401xx.o(RESET)
</UL>
<P><STRONG><a name="[33]"></a>SDIO_IRQHandler</STRONG> (Thumb, 0 bytes, Stack size 0 bytes, startup_stm32f401xx.o(.text))
<BR>[Address Reference Count : 1]<UL><LI> startup_stm32f401xx.o(RESET)
</UL>
<P><STRONG><a name="[2b]"></a>SPI1_IRQHandler</STRONG> (Thumb, 0 bytes, Stack size 0 bytes, startup_stm32f401xx.o(.text))
<BR>[Address Reference Count : 1]<UL><LI> startup_stm32f401xx.o(RESET)
</UL>
<P><STRONG><a name="[2c]"></a>SPI2_IRQHandler</STRONG> (Thumb, 0 bytes, Stack size 0 bytes, startup_stm32f401xx.o(.text))
<BR>[Address Reference Count : 1]<UL><LI> startup_stm32f401xx.o(RESET)
</UL>
<P><STRONG><a name="[35]"></a>SPI3_IRQHandler</STRONG> (Thumb, 0 bytes, Stack size 0 bytes, startup_stm32f401xx.o(.text))
<BR>[Address Reference Count : 1]<UL><LI> startup_stm32f401xx.o(RESET)
</UL>
<P><STRONG><a name="[43]"></a>SPI4_IRQHandler</STRONG> (Thumb, 0 bytes, Stack size 0 bytes, startup_stm32f401xx.o(.text))
<BR>[Address Reference Count : 1]<UL><LI> startup_stm32f401xx.o(RESET)
</UL>
<P><STRONG><a name="[e]"></a>TAMP_STAMP_IRQHandler</STRONG> (Thumb, 0 bytes, Stack size 0 bytes, startup_stm32f401xx.o(.text))
<BR>[Address Reference Count : 1]<UL><LI> startup_stm32f401xx.o(RESET)
</UL>
<P><STRONG><a name="[20]"></a>TIM1_BRK_TIM9_IRQHandler</STRONG> (Thumb, 0 bytes, Stack size 0 bytes, startup_stm32f401xx.o(.text))
<BR>[Address Reference Count : 1]<UL><LI> startup_stm32f401xx.o(RESET)
</UL>
<P><STRONG><a name="[22]"></a>TIM1_TRG_COM_TIM11_IRQHandler</STRONG> (Thumb, 0 bytes, Stack size 0 bytes, startup_stm32f401xx.o(.text))
<BR>[Address Reference Count : 1]<UL><LI> startup_stm32f401xx.o(RESET)
</UL>
<P><STRONG><a name="[21]"></a>TIM1_UP_TIM10_IRQHandler</STRONG> (Thumb, 0 bytes, Stack size 0 bytes, startup_stm32f401xx.o(.text))
<BR>[Address Reference Count : 1]<UL><LI> startup_stm32f401xx.o(RESET)
</UL>
<P><STRONG><a name="[24]"></a>TIM2_IRQHandler</STRONG> (Thumb, 0 bytes, Stack size 0 bytes, startup_stm32f401xx.o(.text))
<BR>[Address Reference Count : 1]<UL><LI> startup_stm32f401xx.o(RESET)
</UL>
<P><STRONG><a name="[25]"></a>TIM3_IRQHandler</STRONG> (Thumb, 0 bytes, Stack size 0 bytes, startup_stm32f401xx.o(.text))
<BR>[Address Reference Count : 1]<UL><LI> startup_stm32f401xx.o(RESET)
</UL>
<P><STRONG><a name="[26]"></a>TIM4_IRQHandler</STRONG> (Thumb, 0 bytes, Stack size 0 bytes, startup_stm32f401xx.o(.text))
<BR>[Address Reference Count : 1]<UL><LI> startup_stm32f401xx.o(RESET)
</UL>
<P><STRONG><a name="[34]"></a>TIM5_IRQHandler</STRONG> (Thumb, 0 bytes, Stack size 0 bytes, startup_stm32f401xx.o(.text))
<BR>[Address Reference Count : 1]<UL><LI> startup_stm32f401xx.o(RESET)
</UL>
<P><STRONG><a name="[2e]"></a>USART2_IRQHandler</STRONG> (Thumb, 0 bytes, Stack size 0 bytes, startup_stm32f401xx.o(.text))
<BR>[Address Reference Count : 1]<UL><LI> startup_stm32f401xx.o(RESET)
</UL>
<P><STRONG><a name="[3f]"></a>USART6_IRQHandler</STRONG> (Thumb, 0 bytes, Stack size 0 bytes, startup_stm32f401xx.o(.text))
<BR>[Address Reference Count : 1]<UL><LI> startup_stm32f401xx.o(RESET)
</UL>
<P><STRONG><a name="[c]"></a>WWDG_IRQHandler</STRONG> (Thumb, 0 bytes, Stack size 0 bytes, startup_stm32f401xx.o(.text))
<BR>[Address Reference Count : 1]<UL><LI> startup_stm32f401xx.o(RESET)
</UL>
<P><STRONG><a name="[5b]"></a>__user_initial_stackheap</STRONG> (Thumb, 0 bytes, Stack size unknown bytes, startup_stm32f401xx.o(.text))
<BR><BR>[Called By]<UL><LI><a href="#[4e]">&gt;&gt;</a>&nbsp;&nbsp;&nbsp;__user_setup_stackheap
</UL>

<P><STRONG><a name="[78]"></a>OS_CPU_FP_Reg_Push</STRONG> (Thumb, 0 bytes, Stack size unknown bytes, os_cpu_a.o(.text))
<BR><BR>[Called By]<UL><LI><a href="#[59]">&gt;&gt;</a>&nbsp;&nbsp;&nbsp;OSTaskSwHook
</UL>

<P><STRONG><a name="[79]"></a>OS_CPU_FP_Reg_Pop</STRONG> (Thumb, 0 bytes, Stack size unknown bytes, os_cpu_a.o(.text))
<BR><BR>[Called By]<UL><LI><a href="#[59]">&gt;&gt;</a>&nbsp;&nbsp;&nbsp;OSTaskSwHook
</UL>

<P><STRONG><a name="[71]"></a>OS_CPU_SR_Save</STRONG> (Thumb, 0 bytes, Stack size unknown bytes, os_cpu_a.o(.text))
<BR><BR>[Called By]<UL><LI><a href="#[75]">&gt;&gt;</a>&nbsp;&nbsp;&nbsp;OSSemPost
<LI><a href="#[77]">&gt;&gt;</a>&nbsp;&nbsp;&nbsp;OS_Sched
<LI><a href="#[7a]">&gt;&gt;</a>&nbsp;&nbsp;&nbsp;OSTimeTick
<LI><a href="#[70]">&gt;&gt;</a>&nbsp;&nbsp;&nbsp;OSIntExit
<LI><a href="#[b]">&gt;&gt;</a>&nbsp;&nbsp;&nbsp;OS_CPU_SysTickHandler
</UL>

<P><STRONG><a name="[74]"></a>OS_CPU_SR_Restore</STRONG> (Thumb, 0 bytes, Stack size unknown bytes, os_cpu_a.o(.text))
<BR><BR>[Called By]<UL><LI><a href="#[75]">&gt;&gt;</a>&nbsp;&nbsp;&nbsp;OSSemPost
<LI><a href="#[77]">&gt;&gt;</a>&nbsp;&nbsp;&nbsp;OS_Sched
<LI><a href="#[7a]">&gt;&gt;</a>&nbsp;&nbsp;&nbsp;OSTimeTick
<LI><a href="#[70]">&gt;&gt;</a>&nbsp;&nbsp;&nbsp;OSIntExit
<LI><a href="#[b]">&gt;&gt;</a>&nbsp;&nbsp;&nbsp;OS_CPU_SysTickHandler
</UL>

<P><STRONG><a name="[58]"></a>OSStartHighRdy</STRONG> (Thumb, 0 bytes, Stack size unknown bytes, os_cpu_a.o(.text), UNUSED)
<BR><BR>[Calls]<UL><LI><a href="#[59]">&gt;&gt;</a>&nbsp;&nbsp;&nbsp;OSTaskSwHook
</UL>

<P><STRONG><a name="[80]"></a>OSCtxSw</STRONG> (Thumb, 0 bytes, Stack size unknown bytes, os_cpu_a.o(.text))
<BR><BR>[Called By]<UL><LI><a href="#[77]">&gt;&gt;</a>&nbsp;&nbsp;&nbsp;OS_Sched
</UL>

<P><STRONG><a name="[73]"></a>OSIntCtxSw</STRONG> (Thumb, 0 bytes, Stack size unknown bytes, os_cpu_a.o(.text))
<BR><BR>[Called By]<UL><LI><a href="#[70]">&gt;&gt;</a>&nbsp;&nbsp;&nbsp;OSIntExit
</UL>

<P><STRONG><a name="[a]"></a>OS_CPU_PendSVHandler</STRONG> (Thumb, 0 bytes, Stack size unknown bytes, os_cpu_a.o(.text))
<BR><BR>[Stack]<UL><LI>Max Depth = 8 + Unknown Stack Size
<LI>Call Chain = OS_CPU_PendSVHandler &rArr; OSTaskSwHook
</UL>
<BR>[Calls]<UL><LI><a href="#[59]">&gt;&gt;</a>&nbsp;&nbsp;&nbsp;OSTaskSwHook
</UL>
<BR>[Address Reference Count : 1]<UL><LI> startup_stm32f401xx.o(RESET)
</UL>
<P><STRONG><a name="[ae]"></a>__use_two_region_memory</STRONG> (Thumb, 2 bytes, Stack size 0 bytes, heapauxi.o(.text), UNUSED)

<P><STRONG><a name="[af]"></a>__rt_heap_escrow$2region</STRONG> (Thumb, 2 bytes, Stack size 0 bytes, heapauxi.o(.text), UNUSED)

<P><STRONG><a name="[b0]"></a>__rt_heap_expand$2region</STRONG> (Thumb, 2 bytes, Stack size 0 bytes, heapauxi.o(.text), UNUSED)

<P><STRONG><a name="[4e]"></a>__user_setup_stackheap</STRONG> (Thumb, 74 bytes, Stack size 8 bytes, sys_stackheap_outer.o(.text))
<BR><BR>[Stack]<UL><LI>Max Depth = 8 + Unknown Stack Size
<LI>Call Chain = __user_setup_stackheap
</UL>
<BR>[Calls]<UL><LI><a href="#[5b]">&gt;&gt;</a>&nbsp;&nbsp;&nbsp;__user_initial_stackheap
<LI><a href="#[5a]">&gt;&gt;</a>&nbsp;&nbsp;&nbsp;__user_perproc_libspace
</UL>
<BR>[Called By]<UL><LI><a href="#[4d]">&gt;&gt;</a>&nbsp;&nbsp;&nbsp;__rt_entry_sh
</UL>

<P><STRONG><a name="[53]"></a>exit</STRONG> (Thumb, 18 bytes, Stack size 8 bytes, exit.o(.text))
<BR><BR>[Stack]<UL><LI>Max Depth = 8 + Unknown Stack Size
<LI>Call Chain = exit
</UL>
<BR>[Calls]<UL><LI><a href="#[5c]">&gt;&gt;</a>&nbsp;&nbsp;&nbsp;__rt_exit
</UL>
<BR>[Called By]<UL><LI><a href="#[51]">&gt;&gt;</a>&nbsp;&nbsp;&nbsp;__rt_entry_main
</UL>

<P><STRONG><a name="[b1]"></a>__user_libspace</STRONG> (Thumb, 8 bytes, Stack size 0 bytes, libspace.o(.text), UNUSED)

<P><STRONG><a name="[5a]"></a>__user_perproc_libspace</STRONG> (Thumb, 0 bytes, Stack size 0 bytes, libspace.o(.text))
<BR><BR>[Called By]<UL><LI><a href="#[4e]">&gt;&gt;</a>&nbsp;&nbsp;&nbsp;__user_setup_stackheap
</UL>

<P><STRONG><a name="[b2]"></a>__user_perthread_libspace</STRONG> (Thumb, 0 bytes, Stack size 0 bytes, libspace.o(.text), UNUSED)

<P><STRONG><a name="[57]"></a>_sys_exit</STRONG> (Thumb, 8 bytes, Stack size 0 bytes, sys_exit.o(.text))
<BR><BR>[Called By]<UL><LI><a href="#[56]">&gt;&gt;</a>&nbsp;&nbsp;&nbsp;__rt_exit_exit
</UL>

<P><STRONG><a name="[b3]"></a>__I$use$semihosting</STRONG> (Thumb, 0 bytes, Stack size 0 bytes, use_no_semi.o(.text), UNUSED)

<P><STRONG><a name="[b4]"></a>__use_no_semihosting_swi</STRONG> (Thumb, 2 bytes, Stack size 0 bytes, use_no_semi.o(.text), UNUSED)

<P><STRONG><a name="[6]"></a>BusFault_Handler</STRONG> (Thumb, 4 bytes, Stack size 0 bytes, stm32f4xx_it.o(i.BusFault_Handler))
<BR>[Address Reference Count : 1]<UL><LI> startup_stm32f401xx.o(RESET)
</UL>
<P><STRONG><a name="[b5]"></a>__semihosting_library_function</STRONG> (Thumb, 0 bytes, Stack size 0 bytes, indicate_semi.o(.text), UNUSED)

<P><STRONG><a name="[8a]"></a>ChangeAccelrator</STRONG> (Thumb, 84 bytes, Stack size 0 bytes, moter.o(i.ChangeAccelrator))
<BR><BR>[Called By]<UL><LI><a href="#[52]">&gt;&gt;</a>&nbsp;&nbsp;&nbsp;main
</UL>

<P><STRONG><a name="[82]"></a>ChangeDutyCycle</STRONG> (Thumb, 74 bytes, Stack size 0 bytes, moter.o(i.ChangeDutyCycle))
<BR><BR>[Called By]<UL><LI><a href="#[81]">&gt;&gt;</a>&nbsp;&nbsp;&nbsp;PWM_Init
</UL>

<P><STRONG><a name="[9]"></a>DebugMon_Handler</STRONG> (Thumb, 2 bytes, Stack size 0 bytes, stm32f4xx_it.o(i.DebugMon_Handler))
<BR>[Address Reference Count : 1]<UL><LI> startup_stm32f401xx.o(RESET)
</UL>
<P><STRONG><a name="[6d]"></a>Delay_us</STRONG> (Thumb, 44 bytes, Stack size 0 bytes, delay.o(i.Delay_us))
<BR><BR>[Called By]<UL><LI><a href="#[6e]">&gt;&gt;</a>&nbsp;&nbsp;&nbsp;MyI2C_W_SDA
<LI><a href="#[6f]">&gt;&gt;</a>&nbsp;&nbsp;&nbsp;MyI2C_W_SCL
<LI><a href="#[6c]">&gt;&gt;</a>&nbsp;&nbsp;&nbsp;MyI2C_R_SDA
</UL>

<P><STRONG><a name="[5d]"></a>HMC5883L_GetData</STRONG> (Thumb, 30 bytes, Stack size 8 bytes, hmc5883l.o(i.HMC5883L_GetData))
<BR><BR>[Stack]<UL><LI>Max Depth = 48<LI>Call Chain = HMC5883L_GetData &rArr; HMC5883L_ReadTwoReg &rArr; MyI2C_SendByte &rArr; MyI2C_W_SDA
</UL>
<BR>[Calls]<UL><LI><a href="#[5e]">&gt;&gt;</a>&nbsp;&nbsp;&nbsp;HMC5883L_ReadTwoReg
</UL>
<BR>[Called By]<UL><LI><a href="#[52]">&gt;&gt;</a>&nbsp;&nbsp;&nbsp;main
</UL>

<P><STRONG><a name="[5f]"></a>HMC5883L_Init</STRONG> (Thumb, 32 bytes, Stack size 8 bytes, hmc5883l.o(i.HMC5883L_Init))
<BR><BR>[Stack]<UL><LI>Max Depth = 48<LI>Call Chain = HMC5883L_Init &rArr; HMC5883L_WriteReg &rArr; MyI2C_SendByte &rArr; MyI2C_W_SDA
</UL>
<BR>[Calls]<UL><LI><a href="#[61]">&gt;&gt;</a>&nbsp;&nbsp;&nbsp;HMC5883L_WriteReg
<LI><a href="#[60]">&gt;&gt;</a>&nbsp;&nbsp;&nbsp;MyI2C_Init
</UL>
<BR>[Called By]<UL><LI><a href="#[52]">&gt;&gt;</a>&nbsp;&nbsp;&nbsp;main
</UL>

<P><STRONG><a name="[5e]"></a>HMC5883L_ReadTwoReg</STRONG> (Thumb, 78 bytes, Stack size 16 bytes, hmc5883l.o(i.HMC5883L_ReadTwoReg))
<BR><BR>[Stack]<UL><LI>Max Depth = 40<LI>Call Chain = HMC5883L_ReadTwoReg &rArr; MyI2C_SendByte &rArr; MyI2C_W_SDA
</UL>
<BR>[Calls]<UL><LI><a href="#[67]">&gt;&gt;</a>&nbsp;&nbsp;&nbsp;MyI2C_Stop
<LI><a href="#[62]">&gt;&gt;</a>&nbsp;&nbsp;&nbsp;MyI2C_Start
<LI><a href="#[63]">&gt;&gt;</a>&nbsp;&nbsp;&nbsp;MyI2C_SendByte
<LI><a href="#[66]">&gt;&gt;</a>&nbsp;&nbsp;&nbsp;MyI2C_SendAck
<LI><a href="#[65]">&gt;&gt;</a>&nbsp;&nbsp;&nbsp;MyI2C_ReceiveByte
<LI><a href="#[64]">&gt;&gt;</a>&nbsp;&nbsp;&nbsp;MyI2C_ReceiveAck
</UL>
<BR>[Called By]<UL><LI><a href="#[5d]">&gt;&gt;</a>&nbsp;&nbsp;&nbsp;HMC5883L_GetData
</UL>

<P><STRONG><a name="[61]"></a>HMC5883L_WriteReg</STRONG> (Thumb, 46 bytes, Stack size 16 bytes, hmc5883l.o(i.HMC5883L_WriteReg))
<BR><BR>[Stack]<UL><LI>Max Depth = 40<LI>Call Chain = HMC5883L_WriteReg &rArr; MyI2C_SendByte &rArr; MyI2C_W_SDA
</UL>
<BR>[Calls]<UL><LI><a href="#[67]">&gt;&gt;</a>&nbsp;&nbsp;&nbsp;MyI2C_Stop
<LI><a href="#[62]">&gt;&gt;</a>&nbsp;&nbsp;&nbsp;MyI2C_Start
<LI><a href="#[63]">&gt;&gt;</a>&nbsp;&nbsp;&nbsp;MyI2C_SendByte
<LI><a href="#[64]">&gt;&gt;</a>&nbsp;&nbsp;&nbsp;MyI2C_ReceiveAck
</UL>
<BR>[Called By]<UL><LI><a href="#[5f]">&gt;&gt;</a>&nbsp;&nbsp;&nbsp;HMC5883L_Init
</UL>

<P><STRONG><a name="[4]"></a>HardFault_Handler</STRONG> (Thumb, 4 bytes, Stack size 0 bytes, stm32f4xx_it.o(i.HardFault_Handler))
<BR>[Address Reference Count : 1]<UL><LI> startup_stm32f401xx.o(RESET)
</UL>
<P><STRONG><a name="[68]"></a>MPU6050_GetData</STRONG> (Thumb, 54 bytes, Stack size 8 bytes, mpu.o(i.MPU6050_GetData))
<BR><BR>[Stack]<UL><LI>Max Depth = 48<LI>Call Chain = MPU6050_GetData &rArr; MPU6050_ReadTwoReg &rArr; MyI2C_SendByte &rArr; MyI2C_W_SDA
</UL>
<BR>[Calls]<UL><LI><a href="#[69]">&gt;&gt;</a>&nbsp;&nbsp;&nbsp;MPU6050_ReadTwoReg
</UL>
<BR>[Called By]<UL><LI><a href="#[52]">&gt;&gt;</a>&nbsp;&nbsp;&nbsp;main
</UL>

<P><STRONG><a name="[6a]"></a>MPU6050_Init</STRONG> (Thumb, 72 bytes, Stack size 8 bytes, mpu.o(i.MPU6050_Init))
<BR><BR>[Stack]<UL><LI>Max Depth = 48<LI>Call Chain = MPU6050_Init &rArr; MPU6050_WriteReg &rArr; MyI2C_SendByte &rArr; MyI2C_W_SDA
</UL>
<BR>[Calls]<UL><LI><a href="#[6b]">&gt;&gt;</a>&nbsp;&nbsp;&nbsp;MPU6050_WriteReg
<LI><a href="#[60]">&gt;&gt;</a>&nbsp;&nbsp;&nbsp;MyI2C_Init
</UL>
<BR>[Called By]<UL><LI><a href="#[52]">&gt;&gt;</a>&nbsp;&nbsp;&nbsp;main
</UL>

<P><STRONG><a name="[69]"></a>MPU6050_ReadTwoReg</STRONG> (Thumb, 78 bytes, Stack size 16 bytes, mpu.o(i.MPU6050_ReadTwoReg))
<BR><BR>[Stack]<UL><LI>Max Depth = 40<LI>Call Chain = MPU6050_ReadTwoReg &rArr; MyI2C_SendByte &rArr; MyI2C_W_SDA
</UL>
<BR>[Calls]<UL><LI><a href="#[67]">&gt;&gt;</a>&nbsp;&nbsp;&nbsp;MyI2C_Stop
<LI><a href="#[62]">&gt;&gt;</a>&nbsp;&nbsp;&nbsp;MyI2C_Start
<LI><a href="#[63]">&gt;&gt;</a>&nbsp;&nbsp;&nbsp;MyI2C_SendByte
<LI><a href="#[66]">&gt;&gt;</a>&nbsp;&nbsp;&nbsp;MyI2C_SendAck
<LI><a href="#[65]">&gt;&gt;</a>&nbsp;&nbsp;&nbsp;MyI2C_ReceiveByte
<LI><a href="#[64]">&gt;&gt;</a>&nbsp;&nbsp;&nbsp;MyI2C_ReceiveAck
</UL>
<BR>[Called By]<UL><LI><a href="#[68]">&gt;&gt;</a>&nbsp;&nbsp;&nbsp;MPU6050_GetData
</UL>

<P><STRONG><a name="[6b]"></a>MPU6050_WriteReg</STRONG> (Thumb, 46 bytes, Stack size 16 bytes, mpu.o(i.MPU6050_WriteReg))
<BR><BR>[Stack]<UL><LI>Max Depth = 40<LI>Call Chain = MPU6050_WriteReg &rArr; MyI2C_SendByte &rArr; MyI2C_W_SDA
</UL>
<BR>[Calls]<UL><LI><a href="#[67]">&gt;&gt;</a>&nbsp;&nbsp;&nbsp;MyI2C_Stop
<LI><a href="#[62]">&gt;&gt;</a>&nbsp;&nbsp;&nbsp;MyI2C_Start
<LI><a href="#[63]">&gt;&gt;</a>&nbsp;&nbsp;&nbsp;MyI2C_SendByte
<LI><a href="#[64]">&gt;&gt;</a>&nbsp;&nbsp;&nbsp;MyI2C_ReceiveAck
</UL>
<BR>[Called By]<UL><LI><a href="#[6a]">&gt;&gt;</a>&nbsp;&nbsp;&nbsp;MPU6050_Init
</UL>

<P><STRONG><a name="[5]"></a>MemManage_Handler</STRONG> (Thumb, 4 bytes, Stack size 0 bytes, stm32f4xx_it.o(i.MemManage_Handler))
<BR>[Address Reference Count : 1]<UL><LI> startup_stm32f401xx.o(RESET)
</UL>
<P><STRONG><a name="[60]"></a>MyI2C_Init</STRONG> (Thumb, 98 bytes, Stack size 0 bytes, myi2c.o(i.MyI2C_Init))
<BR><BR>[Called By]<UL><LI><a href="#[6a]">&gt;&gt;</a>&nbsp;&nbsp;&nbsp;MPU6050_Init
<LI><a href="#[5f]">&gt;&gt;</a>&nbsp;&nbsp;&nbsp;HMC5883L_Init
</UL>

<P><STRONG><a name="[6c]"></a>MyI2C_R_SDA</STRONG> (Thumb, 28 bytes, Stack size 8 bytes, myi2c.o(i.MyI2C_R_SDA))
<BR><BR>[Stack]<UL><LI>Max Depth = 8<LI>Call Chain = MyI2C_R_SDA
</UL>
<BR>[Calls]<UL><LI><a href="#[6d]">&gt;&gt;</a>&nbsp;&nbsp;&nbsp;Delay_us
</UL>
<BR>[Called By]<UL><LI><a href="#[65]">&gt;&gt;</a>&nbsp;&nbsp;&nbsp;MyI2C_ReceiveByte
<LI><a href="#[64]">&gt;&gt;</a>&nbsp;&nbsp;&nbsp;MyI2C_ReceiveAck
</UL>

<P><STRONG><a name="[64]"></a>MyI2C_ReceiveAck</STRONG> (Thumb, 30 bytes, Stack size 8 bytes, myi2c.o(i.MyI2C_ReceiveAck))
<BR><BR>[Stack]<UL><LI>Max Depth = 16<LI>Call Chain = MyI2C_ReceiveAck &rArr; MyI2C_W_SDA
</UL>
<BR>[Calls]<UL><LI><a href="#[6e]">&gt;&gt;</a>&nbsp;&nbsp;&nbsp;MyI2C_W_SDA
<LI><a href="#[6f]">&gt;&gt;</a>&nbsp;&nbsp;&nbsp;MyI2C_W_SCL
<LI><a href="#[6c]">&gt;&gt;</a>&nbsp;&nbsp;&nbsp;MyI2C_R_SDA
</UL>
<BR>[Called By]<UL><LI><a href="#[61]">&gt;&gt;</a>&nbsp;&nbsp;&nbsp;HMC5883L_WriteReg
<LI><a href="#[5e]">&gt;&gt;</a>&nbsp;&nbsp;&nbsp;HMC5883L_ReadTwoReg
<LI><a href="#[6b]">&gt;&gt;</a>&nbsp;&nbsp;&nbsp;MPU6050_WriteReg
<LI><a href="#[69]">&gt;&gt;</a>&nbsp;&nbsp;&nbsp;MPU6050_ReadTwoReg
</UL>

<P><STRONG><a name="[65]"></a>MyI2C_ReceiveByte</STRONG> (Thumb, 52 bytes, Stack size 16 bytes, myi2c.o(i.MyI2C_ReceiveByte))
<BR><BR>[Stack]<UL><LI>Max Depth = 24<LI>Call Chain = MyI2C_ReceiveByte &rArr; MyI2C_W_SDA
</UL>
<BR>[Calls]<UL><LI><a href="#[6e]">&gt;&gt;</a>&nbsp;&nbsp;&nbsp;MyI2C_W_SDA
<LI><a href="#[6f]">&gt;&gt;</a>&nbsp;&nbsp;&nbsp;MyI2C_W_SCL
<LI><a href="#[6c]">&gt;&gt;</a>&nbsp;&nbsp;&nbsp;MyI2C_R_SDA
</UL>
<BR>[Called By]<UL><LI><a href="#[5e]">&gt;&gt;</a>&nbsp;&nbsp;&nbsp;HMC5883L_ReadTwoReg
<LI><a href="#[69]">&gt;&gt;</a>&nbsp;&nbsp;&nbsp;MPU6050_ReadTwoReg
</UL>

<P><STRONG><a name="[66]"></a>MyI2C_SendAck</STRONG> (Thumb, 24 bytes, Stack size 8 bytes, myi2c.o(i.MyI2C_SendAck))
<BR><BR>[Stack]<UL><LI>Max Depth = 16<LI>Call Chain = MyI2C_SendAck &rArr; MyI2C_W_SDA
</UL>
<BR>[Calls]<UL><LI><a href="#[6e]">&gt;&gt;</a>&nbsp;&nbsp;&nbsp;MyI2C_W_SDA
<LI><a href="#[6f]">&gt;&gt;</a>&nbsp;&nbsp;&nbsp;MyI2C_W_SCL
</UL>
<BR>[Called By]<UL><LI><a href="#[5e]">&gt;&gt;</a>&nbsp;&nbsp;&nbsp;HMC5883L_ReadTwoReg
<LI><a href="#[69]">&gt;&gt;</a>&nbsp;&nbsp;&nbsp;MPU6050_ReadTwoReg
</UL>

<P><STRONG><a name="[63]"></a>MyI2C_SendByte</STRONG> (Thumb, 42 bytes, Stack size 16 bytes, myi2c.o(i.MyI2C_SendByte))
<BR><BR>[Stack]<UL><LI>Max Depth = 24<LI>Call Chain = MyI2C_SendByte &rArr; MyI2C_W_SDA
</UL>
<BR>[Calls]<UL><LI><a href="#[6e]">&gt;&gt;</a>&nbsp;&nbsp;&nbsp;MyI2C_W_SDA
<LI><a href="#[6f]">&gt;&gt;</a>&nbsp;&nbsp;&nbsp;MyI2C_W_SCL
</UL>
<BR>[Called By]<UL><LI><a href="#[61]">&gt;&gt;</a>&nbsp;&nbsp;&nbsp;HMC5883L_WriteReg
<LI><a href="#[5e]">&gt;&gt;</a>&nbsp;&nbsp;&nbsp;HMC5883L_ReadTwoReg
<LI><a href="#[6b]">&gt;&gt;</a>&nbsp;&nbsp;&nbsp;MPU6050_WriteReg
<LI><a href="#[69]">&gt;&gt;</a>&nbsp;&nbsp;&nbsp;MPU6050_ReadTwoReg
</UL>

<P><STRONG><a name="[62]"></a>MyI2C_Start</STRONG> (Thumb, 28 bytes, Stack size 8 bytes, myi2c.o(i.MyI2C_Start))
<BR><BR>[Stack]<UL><LI>Max Depth = 16<LI>Call Chain = MyI2C_Start &rArr; MyI2C_W_SDA
</UL>
<BR>[Calls]<UL><LI><a href="#[6e]">&gt;&gt;</a>&nbsp;&nbsp;&nbsp;MyI2C_W_SDA
<LI><a href="#[6f]">&gt;&gt;</a>&nbsp;&nbsp;&nbsp;MyI2C_W_SCL
</UL>
<BR>[Called By]<UL><LI><a href="#[61]">&gt;&gt;</a>&nbsp;&nbsp;&nbsp;HMC5883L_WriteReg
<LI><a href="#[5e]">&gt;&gt;</a>&nbsp;&nbsp;&nbsp;HMC5883L_ReadTwoReg
<LI><a href="#[6b]">&gt;&gt;</a>&nbsp;&nbsp;&nbsp;MPU6050_WriteReg
<LI><a href="#[69]">&gt;&gt;</a>&nbsp;&nbsp;&nbsp;MPU6050_ReadTwoReg
</UL>

<P><STRONG><a name="[67]"></a>MyI2C_Stop</STRONG> (Thumb, 22 bytes, Stack size 8 bytes, myi2c.o(i.MyI2C_Stop))
<BR><BR>[Stack]<UL><LI>Max Depth = 16<LI>Call Chain = MyI2C_Stop &rArr; MyI2C_W_SDA
</UL>
<BR>[Calls]<UL><LI><a href="#[6e]">&gt;&gt;</a>&nbsp;&nbsp;&nbsp;MyI2C_W_SDA
<LI><a href="#[6f]">&gt;&gt;</a>&nbsp;&nbsp;&nbsp;MyI2C_W_SCL
</UL>
<BR>[Called By]<UL><LI><a href="#[61]">&gt;&gt;</a>&nbsp;&nbsp;&nbsp;HMC5883L_WriteReg
<LI><a href="#[5e]">&gt;&gt;</a>&nbsp;&nbsp;&nbsp;HMC5883L_ReadTwoReg
<LI><a href="#[6b]">&gt;&gt;</a>&nbsp;&nbsp;&nbsp;MPU6050_WriteReg
<LI><a href="#[69]">&gt;&gt;</a>&nbsp;&nbsp;&nbsp;MPU6050_ReadTwoReg
</UL>

<P><STRONG><a name="[6f]"></a>MyI2C_W_SCL</STRONG> (Thumb, 40 bytes, Stack size 8 bytes, myi2c.o(i.MyI2C_W_SCL))
<BR><BR>[Stack]<UL><LI>Max Depth = 8<LI>Call Chain = MyI2C_W_SCL
</UL>
<BR>[Calls]<UL><LI><a href="#[6d]">&gt;&gt;</a>&nbsp;&nbsp;&nbsp;Delay_us
</UL>
<BR>[Called By]<UL><LI><a href="#[67]">&gt;&gt;</a>&nbsp;&nbsp;&nbsp;MyI2C_Stop
<LI><a href="#[62]">&gt;&gt;</a>&nbsp;&nbsp;&nbsp;MyI2C_Start
<LI><a href="#[63]">&gt;&gt;</a>&nbsp;&nbsp;&nbsp;MyI2C_SendByte
<LI><a href="#[66]">&gt;&gt;</a>&nbsp;&nbsp;&nbsp;MyI2C_SendAck
<LI><a href="#[65]">&gt;&gt;</a>&nbsp;&nbsp;&nbsp;MyI2C_ReceiveByte
<LI><a href="#[64]">&gt;&gt;</a>&nbsp;&nbsp;&nbsp;MyI2C_ReceiveAck
</UL>

<P><STRONG><a name="[6e]"></a>MyI2C_W_SDA</STRONG> (Thumb, 40 bytes, Stack size 8 bytes, myi2c.o(i.MyI2C_W_SDA))
<BR><BR>[Stack]<UL><LI>Max Depth = 8<LI>Call Chain = MyI2C_W_SDA
</UL>
<BR>[Calls]<UL><LI><a href="#[6d]">&gt;&gt;</a>&nbsp;&nbsp;&nbsp;Delay_us
</UL>
<BR>[Called By]<UL><LI><a href="#[67]">&gt;&gt;</a>&nbsp;&nbsp;&nbsp;MyI2C_Stop
<LI><a href="#[62]">&gt;&gt;</a>&nbsp;&nbsp;&nbsp;MyI2C_Start
<LI><a href="#[63]">&gt;&gt;</a>&nbsp;&nbsp;&nbsp;MyI2C_SendByte
<LI><a href="#[66]">&gt;&gt;</a>&nbsp;&nbsp;&nbsp;MyI2C_SendAck
<LI><a href="#[65]">&gt;&gt;</a>&nbsp;&nbsp;&nbsp;MyI2C_ReceiveByte
<LI><a href="#[64]">&gt;&gt;</a>&nbsp;&nbsp;&nbsp;MyI2C_ReceiveAck
</UL>

<P><STRONG><a name="[3]"></a>NMI_Handler</STRONG> (Thumb, 2 bytes, Stack size 0 bytes, stm32f4xx_it.o(i.NMI_Handler))
<BR>[Address Reference Count : 1]<UL><LI> startup_stm32f401xx.o(RESET)
</UL>
<P><STRONG><a name="[7d]"></a>OSIntEnter</STRONG> (Thumb, 28 bytes, Stack size 0 bytes, os_core.o(i.OSIntEnter))
<BR><BR>[Called By]<UL><LI><a href="#[b]">&gt;&gt;</a>&nbsp;&nbsp;&nbsp;OS_CPU_SysTickHandler
</UL>

<P><STRONG><a name="[70]"></a>OSIntExit</STRONG> (Thumb, 122 bytes, Stack size 8 bytes, os_core.o(i.OSIntExit))
<BR><BR>[Stack]<UL><LI>Max Depth = 8 + Unknown Stack Size
<LI>Call Chain = OSIntExit
</UL>
<BR>[Calls]<UL><LI><a href="#[71]">&gt;&gt;</a>&nbsp;&nbsp;&nbsp;OS_CPU_SR_Save
<LI><a href="#[74]">&gt;&gt;</a>&nbsp;&nbsp;&nbsp;OS_CPU_SR_Restore
<LI><a href="#[73]">&gt;&gt;</a>&nbsp;&nbsp;&nbsp;OSIntCtxSw
<LI><a href="#[72]">&gt;&gt;</a>&nbsp;&nbsp;&nbsp;OS_SchedNew
</UL>
<BR>[Called By]<UL><LI><a href="#[b]">&gt;&gt;</a>&nbsp;&nbsp;&nbsp;OS_CPU_SysTickHandler
</UL>

<P><STRONG><a name="[75]"></a>OSSemPost</STRONG> (Thumb, 112 bytes, Stack size 16 bytes, os_sem.o(i.OSSemPost))
<BR><BR>[Stack]<UL><LI>Max Depth = 72 + Unknown Stack Size
<LI>Call Chain = OSSemPost &rArr; OS_EventTaskRdy &rArr; OS_EventTaskRemoveMulti
</UL>
<BR>[Calls]<UL><LI><a href="#[71]">&gt;&gt;</a>&nbsp;&nbsp;&nbsp;OS_CPU_SR_Save
<LI><a href="#[74]">&gt;&gt;</a>&nbsp;&nbsp;&nbsp;OS_CPU_SR_Restore
<LI><a href="#[77]">&gt;&gt;</a>&nbsp;&nbsp;&nbsp;OS_Sched
<LI><a href="#[76]">&gt;&gt;</a>&nbsp;&nbsp;&nbsp;OS_EventTaskRdy
</UL>
<BR>[Called By]<UL><LI><a href="#[7c]">&gt;&gt;</a>&nbsp;&nbsp;&nbsp;OSTmrSignal
</UL>

<P><STRONG><a name="[59]"></a>OSTaskSwHook</STRONG> (Thumb, 24 bytes, Stack size 8 bytes, os_cpu_c.o(i.OSTaskSwHook))
<BR><BR>[Stack]<UL><LI>Max Depth = 8 + Unknown Stack Size
<LI>Call Chain = OSTaskSwHook
</UL>
<BR>[Calls]<UL><LI><a href="#[79]">&gt;&gt;</a>&nbsp;&nbsp;&nbsp;OS_CPU_FP_Reg_Pop
<LI><a href="#[78]">&gt;&gt;</a>&nbsp;&nbsp;&nbsp;OS_CPU_FP_Reg_Push
</UL>
<BR>[Called By]<UL><LI><a href="#[58]">&gt;&gt;</a>&nbsp;&nbsp;&nbsp;OSStartHighRdy
<LI><a href="#[a]">&gt;&gt;</a>&nbsp;&nbsp;&nbsp;OS_CPU_PendSVHandler
</UL>

<P><STRONG><a name="[7a]"></a>OSTimeTick</STRONG> (Thumb, 230 bytes, Stack size 16 bytes, os_core.o(i.OSTimeTick))
<BR><BR>[Stack]<UL><LI>Max Depth = 104 + Unknown Stack Size
<LI>Call Chain = OSTimeTick &rArr; OSTimeTickHook &rArr; OSTmrSignal &rArr; OSSemPost &rArr; OS_EventTaskRdy &rArr; OS_EventTaskRemoveMulti
</UL>
<BR>[Calls]<UL><LI><a href="#[71]">&gt;&gt;</a>&nbsp;&nbsp;&nbsp;OS_CPU_SR_Save
<LI><a href="#[74]">&gt;&gt;</a>&nbsp;&nbsp;&nbsp;OS_CPU_SR_Restore
<LI><a href="#[7b]">&gt;&gt;</a>&nbsp;&nbsp;&nbsp;OSTimeTickHook
</UL>
<BR>[Called By]<UL><LI><a href="#[b]">&gt;&gt;</a>&nbsp;&nbsp;&nbsp;OS_CPU_SysTickHandler
</UL>

<P><STRONG><a name="[7b]"></a>OSTimeTickHook</STRONG> (Thumb, 30 bytes, Stack size 8 bytes, os_cpu_c.o(i.OSTimeTickHook))
<BR><BR>[Stack]<UL><LI>Max Depth = 88 + Unknown Stack Size
<LI>Call Chain = OSTimeTickHook &rArr; OSTmrSignal &rArr; OSSemPost &rArr; OS_EventTaskRdy &rArr; OS_EventTaskRemoveMulti
</UL>
<BR>[Calls]<UL><LI><a href="#[7c]">&gt;&gt;</a>&nbsp;&nbsp;&nbsp;OSTmrSignal
</UL>
<BR>[Called By]<UL><LI><a href="#[7a]">&gt;&gt;</a>&nbsp;&nbsp;&nbsp;OSTimeTick
</UL>

<P><STRONG><a name="[7c]"></a>OSTmrSignal</STRONG> (Thumb, 16 bytes, Stack size 8 bytes, os_tmr.o(i.OSTmrSignal))
<BR><BR>[Stack]<UL><LI>Max Depth = 80 + Unknown Stack Size
<LI>Call Chain = OSTmrSignal &rArr; OSSemPost &rArr; OS_EventTaskRdy &rArr; OS_EventTaskRemoveMulti
</UL>
<BR>[Calls]<UL><LI><a href="#[75]">&gt;&gt;</a>&nbsp;&nbsp;&nbsp;OSSemPost
</UL>
<BR>[Called By]<UL><LI><a href="#[7b]">&gt;&gt;</a>&nbsp;&nbsp;&nbsp;OSTimeTickHook
</UL>

<P><STRONG><a name="[b]"></a>OS_CPU_SysTickHandler</STRONG> (Thumb, 38 bytes, Stack size 8 bytes, os_cpu_c.o(i.OS_CPU_SysTickHandler))
<BR><BR>[Stack]<UL><LI>Max Depth = 112 + Unknown Stack Size
<LI>Call Chain = OS_CPU_SysTickHandler &rArr; OSTimeTick &rArr; OSTimeTickHook &rArr; OSTmrSignal &rArr; OSSemPost &rArr; OS_EventTaskRdy &rArr; OS_EventTaskRemoveMulti
</UL>
<BR>[Calls]<UL><LI><a href="#[71]">&gt;&gt;</a>&nbsp;&nbsp;&nbsp;OS_CPU_SR_Save
<LI><a href="#[74]">&gt;&gt;</a>&nbsp;&nbsp;&nbsp;OS_CPU_SR_Restore
<LI><a href="#[7a]">&gt;&gt;</a>&nbsp;&nbsp;&nbsp;OSTimeTick
<LI><a href="#[70]">&gt;&gt;</a>&nbsp;&nbsp;&nbsp;OSIntExit
<LI><a href="#[7d]">&gt;&gt;</a>&nbsp;&nbsp;&nbsp;OSIntEnter
</UL>
<BR>[Address Reference Count : 1]<UL><LI> startup_stm32f401xx.o(RESET)
</UL>
<P><STRONG><a name="[76]"></a>OS_EventTaskRdy</STRONG> (Thumb, 132 bytes, Stack size 36 bytes, os_core.o(i.OS_EventTaskRdy))
<BR><BR>[Stack]<UL><LI>Max Depth = 56<LI>Call Chain = OS_EventTaskRdy &rArr; OS_EventTaskRemoveMulti
</UL>
<BR>[Calls]<UL><LI><a href="#[7f]">&gt;&gt;</a>&nbsp;&nbsp;&nbsp;OS_EventTaskRemoveMulti
<LI><a href="#[7e]">&gt;&gt;</a>&nbsp;&nbsp;&nbsp;OS_EventTaskRemove
</UL>
<BR>[Called By]<UL><LI><a href="#[75]">&gt;&gt;</a>&nbsp;&nbsp;&nbsp;OSSemPost
</UL>

<P><STRONG><a name="[7e]"></a>OS_EventTaskRemove</STRONG> (Thumb, 46 bytes, Stack size 8 bytes, os_core.o(i.OS_EventTaskRemove))
<BR><BR>[Stack]<UL><LI>Max Depth = 8<LI>Call Chain = OS_EventTaskRemove
</UL>
<BR>[Called By]<UL><LI><a href="#[76]">&gt;&gt;</a>&nbsp;&nbsp;&nbsp;OS_EventTaskRdy
</UL>

<P><STRONG><a name="[7f]"></a>OS_EventTaskRemoveMulti</STRONG> (Thumb, 58 bytes, Stack size 20 bytes, os_core.o(i.OS_EventTaskRemoveMulti))
<BR><BR>[Stack]<UL><LI>Max Depth = 20<LI>Call Chain = OS_EventTaskRemoveMulti
</UL>
<BR>[Called By]<UL><LI><a href="#[76]">&gt;&gt;</a>&nbsp;&nbsp;&nbsp;OS_EventTaskRdy
</UL>

<P><STRONG><a name="[77]"></a>OS_Sched</STRONG> (Thumb, 98 bytes, Stack size 8 bytes, os_core.o(i.OS_Sched))
<BR><BR>[Stack]<UL><LI>Max Depth = 8 + Unknown Stack Size
<LI>Call Chain = OS_Sched
</UL>
<BR>[Calls]<UL><LI><a href="#[71]">&gt;&gt;</a>&nbsp;&nbsp;&nbsp;OS_CPU_SR_Save
<LI><a href="#[74]">&gt;&gt;</a>&nbsp;&nbsp;&nbsp;OS_CPU_SR_Restore
<LI><a href="#[80]">&gt;&gt;</a>&nbsp;&nbsp;&nbsp;OSCtxSw
<LI><a href="#[72]">&gt;&gt;</a>&nbsp;&nbsp;&nbsp;OS_SchedNew
</UL>
<BR>[Called By]<UL><LI><a href="#[75]">&gt;&gt;</a>&nbsp;&nbsp;&nbsp;OSSemPost
</UL>

<P><STRONG><a name="[81]"></a>PWM_Init</STRONG> (Thumb, 320 bytes, Stack size 4 bytes, moter.o(i.PWM_Init))
<BR><BR>[Stack]<UL><LI>Max Depth = 4<LI>Call Chain = PWM_Init
</UL>
<BR>[Calls]<UL><LI><a href="#[82]">&gt;&gt;</a>&nbsp;&nbsp;&nbsp;ChangeDutyCycle
</UL>
<BR>[Called By]<UL><LI><a href="#[52]">&gt;&gt;</a>&nbsp;&nbsp;&nbsp;main
</UL>

<P><STRONG><a name="[89]"></a>Receiver_Init</STRONG> (Thumb, 200 bytes, Stack size 0 bytes, receiver.o(i.Receiver_Init))
<BR><BR>[Called By]<UL><LI><a href="#[52]">&gt;&gt;</a>&nbsp;&nbsp;&nbsp;main
</UL>

<P><STRONG><a name="[8]"></a>SVC_Handler</STRONG> (Thumb, 2 bytes, Stack size 0 bytes, stm32f4xx_it.o(i.SVC_Handler))
<BR>[Address Reference Count : 1]<UL><LI> startup_stm32f401xx.o(RESET)
</UL>
<P><STRONG><a name="[88]"></a>Serial_Init</STRONG> (Thumb, 280 bytes, Stack size 0 bytes, serial.o(i.Serial_Init))
<BR><BR>[Called By]<UL><LI><a href="#[52]">&gt;&gt;</a>&nbsp;&nbsp;&nbsp;main
</UL>

<P><STRONG><a name="[86]"></a>Serial_Pow</STRONG> (Thumb, 20 bytes, Stack size 8 bytes, serial.o(i.Serial_Pow))
<BR><BR>[Stack]<UL><LI>Max Depth = 8<LI>Call Chain = Serial_Pow
</UL>
<BR>[Called By]<UL><LI><a href="#[85]">&gt;&gt;</a>&nbsp;&nbsp;&nbsp;Serial_SendNumber
</UL>

<P><STRONG><a name="[83]"></a>Serial_SendArray</STRONG> (Thumb, 26 bytes, Stack size 12 bytes, serial.o(i.Serial_SendArray))
<BR><BR>[Stack]<UL><LI>Max Depth = 12<LI>Call Chain = Serial_SendArray
</UL>
<BR>[Calls]<UL><LI><a href="#[84]">&gt;&gt;</a>&nbsp;&nbsp;&nbsp;Serial_SendByte
</UL>
<BR>[Called By]<UL><LI><a href="#[52]">&gt;&gt;</a>&nbsp;&nbsp;&nbsp;main
</UL>

<P><STRONG><a name="[84]"></a>Serial_SendByte</STRONG> (Thumb, 24 bytes, Stack size 0 bytes, serial.o(i.Serial_SendByte))
<BR><BR>[Called By]<UL><LI><a href="#[85]">&gt;&gt;</a>&nbsp;&nbsp;&nbsp;Serial_SendNumber
<LI><a href="#[83]">&gt;&gt;</a>&nbsp;&nbsp;&nbsp;Serial_SendArray
<LI><a href="#[52]">&gt;&gt;</a>&nbsp;&nbsp;&nbsp;main
<LI><a href="#[2d]">&gt;&gt;</a>&nbsp;&nbsp;&nbsp;USART1_IRQHandler
</UL>

<P><STRONG><a name="[85]"></a>Serial_SendNumber</STRONG> (Thumb, 54 bytes, Stack size 20 bytes, serial.o(i.Serial_SendNumber))
<BR><BR>[Stack]<UL><LI>Max Depth = 28<LI>Call Chain = Serial_SendNumber &rArr; Serial_Pow
</UL>
<BR>[Calls]<UL><LI><a href="#[84]">&gt;&gt;</a>&nbsp;&nbsp;&nbsp;Serial_SendByte
<LI><a href="#[86]">&gt;&gt;</a>&nbsp;&nbsp;&nbsp;Serial_Pow
</UL>
<BR>[Called By]<UL><LI><a href="#[52]">&gt;&gt;</a>&nbsp;&nbsp;&nbsp;main
</UL>

<P><STRONG><a name="[44]"></a>SystemInit</STRONG> (Thumb, 88 bytes, Stack size 8 bytes, system_stm32f4xx.o(i.SystemInit))
<BR><BR>[Stack]<UL><LI>Max Depth = 20<LI>Call Chain = SystemInit &rArr; SetSysClock
</UL>
<BR>[Calls]<UL><LI><a href="#[87]">&gt;&gt;</a>&nbsp;&nbsp;&nbsp;SetSysClock
</UL>
<BR>[Address Reference Count : 1]<UL><LI> startup_stm32f401xx.o(.text)
</UL>
<P><STRONG><a name="[23]"></a>TIM1_CC_IRQHandler</STRONG> (Thumb, 86 bytes, Stack size 0 bytes, receiver.o(i.TIM1_CC_IRQHandler))
<BR>[Address Reference Count : 1]<UL><LI> startup_stm32f401xx.o(RESET)
</UL>
<P><STRONG><a name="[2d]"></a>USART1_IRQHandler</STRONG> (Thumb, 48 bytes, Stack size 4 bytes, serial.o(i.USART1_IRQHandler))
<BR><BR>[Stack]<UL><LI>Max Depth = 4<LI>Call Chain = USART1_IRQHandler
</UL>
<BR>[Calls]<UL><LI><a href="#[84]">&gt;&gt;</a>&nbsp;&nbsp;&nbsp;Serial_SendByte
</UL>
<BR>[Address Reference Count : 1]<UL><LI> startup_stm32f401xx.o(RESET)
</UL>
<P><STRONG><a name="[7]"></a>UsageFault_Handler</STRONG> (Thumb, 4 bytes, Stack size 0 bytes, stm32f4xx_it.o(i.UsageFault_Handler))
<BR>[Address Reference Count : 1]<UL><LI> startup_stm32f401xx.o(RESET)
</UL>
<P><STRONG><a name="[52]"></a>main</STRONG> (Thumb, 186 bytes, Stack size 0 bytes, main.o(i.main))
<BR><BR>[Stack]<UL><LI>Max Depth = 48<LI>Call Chain = main &rArr; MPU6050_Init &rArr; MPU6050_WriteReg &rArr; MyI2C_SendByte &rArr; MyI2C_W_SDA
</UL>
<BR>[Calls]<UL><LI><a href="#[85]">&gt;&gt;</a>&nbsp;&nbsp;&nbsp;Serial_SendNumber
<LI><a href="#[84]">&gt;&gt;</a>&nbsp;&nbsp;&nbsp;Serial_SendByte
<LI><a href="#[83]">&gt;&gt;</a>&nbsp;&nbsp;&nbsp;Serial_SendArray
<LI><a href="#[88]">&gt;&gt;</a>&nbsp;&nbsp;&nbsp;Serial_Init
<LI><a href="#[89]">&gt;&gt;</a>&nbsp;&nbsp;&nbsp;Receiver_Init
<LI><a href="#[81]">&gt;&gt;</a>&nbsp;&nbsp;&nbsp;PWM_Init
<LI><a href="#[6a]">&gt;&gt;</a>&nbsp;&nbsp;&nbsp;MPU6050_Init
<LI><a href="#[68]">&gt;&gt;</a>&nbsp;&nbsp;&nbsp;MPU6050_GetData
<LI><a href="#[5f]">&gt;&gt;</a>&nbsp;&nbsp;&nbsp;HMC5883L_Init
<LI><a href="#[5d]">&gt;&gt;</a>&nbsp;&nbsp;&nbsp;HMC5883L_GetData
<LI><a href="#[8a]">&gt;&gt;</a>&nbsp;&nbsp;&nbsp;ChangeAccelrator
</UL>
<BR>[Called By]<UL><LI><a href="#[51]">&gt;&gt;</a>&nbsp;&nbsp;&nbsp;__rt_entry_main
</UL>

<P><STRONG><a name="[4c]"></a>_fp_init</STRONG> (Thumb, 10 bytes, Stack size 0 bytes, fpinit.o(x$fpl$fpinit))
<BR><BR>[Called By]<UL><LI><a href="#[4b]">&gt;&gt;</a>&nbsp;&nbsp;&nbsp;__rt_lib_init_fp_1
</UL>

<P><STRONG><a name="[b6]"></a>__fplib_config_fpu_vfp</STRONG> (Thumb, 0 bytes, Stack size unknown bytes, fpinit.o(x$fpl$fpinit), UNUSED)

<P><STRONG><a name="[b7]"></a>__fplib_config_pureend_doubles</STRONG> (Thumb, 0 bytes, Stack size unknown bytes, fpinit.o(x$fpl$fpinit), UNUSED)
<P>
<H3>
Local Symbols
</H3>
<P><STRONG><a name="[87]"></a>SetSysClock</STRONG> (Thumb, 216 bytes, Stack size 12 bytes, system_stm32f4xx.o(i.SetSysClock))
<BR><BR>[Stack]<UL><LI>Max Depth = 12<LI>Call Chain = SetSysClock
</UL>
<BR>[Called By]<UL><LI><a href="#[44]">&gt;&gt;</a>&nbsp;&nbsp;&nbsp;SystemInit
</UL>

<P><STRONG><a name="[72]"></a>OS_SchedNew</STRONG> (Thumb, 26 bytes, Stack size 0 bytes, os_core.o(i.OS_SchedNew))
<BR><BR>[Called By]<UL><LI><a href="#[77]">&gt;&gt;</a>&nbsp;&nbsp;&nbsp;OS_Sched
<LI><a href="#[70]">&gt;&gt;</a>&nbsp;&nbsp;&nbsp;OSIntExit
</UL>
<P>
<H3>
Undefined Global Symbols
</H3><HR></body></html>
